// Vitest Snapshot v1, https://vitest.dev/guide/snapshot.html

exports[`ColorLint - Background Contrast 1`] = `
[
  "#0ff",
  "#00faff",
  "#00e4ff",
  "#777776",
  "#0ff",
]
`;

exports[`ColorLint - Background Contrast 2`] = `
[
  "#007070",
  "#006f72",
  "#006e7e",
  "#fdfdfc",
  "#007070",
]
`;

exports[`ColorLint - CatOrderSimilarity 1`] = `"Some sequences of colors are too similar based on dE scores: . Try reordering them or making them more distinguishable"`;

exports[`ColorLint - CatOrderSimilarity 2`] = `"Some sequences of colors are too similar based on dE scores: #009de5 and #5fb1ff. Try reordering them or making them more distinguishable"`;

exports[`ColorLint - ColorBlind 1`] = `"This palette is not colorblind friendly for deuteranopia color blindness (ie can't see green). The following pairs are undifferentiable: (#0078b4 and #8c69bc, #ff7e0e and #c4bc27, #3d9f2f and #da2827, #e179c1 and #00becf)"`;

exports[`ColorLint - ColorBlind 2`] = `"This palette is not colorblind friendly for protanopia color blindness (ie can't see red). The following pairs are undifferentiable: (#0078b4 and #8c69bc, #ff7e0e and #3d9f2f, #da2827 and #8e564b)"`;

exports[`ColorLint - ColorBlind 3`] = `"This palette is not colorblind friendly for tritanopia color blindness (ie can't see blue). The following pairs are undifferentiable: (#ff7e0e and #e179c1, #8c69bc and #7f7f7f)"`;

exports[`ColorLint - ColorBlind 4`] = `"This palette may not work in black and white. The following pairs are hard to tell the difference between: (#0078b4 and #da2827, #0078b4 and #8c69bc, #0078b4 and #8e564b, #0078b4 and #7f7f7f, #ff7e0e and #3d9f2f, #ff7e0e and #e179c1, #ff7e0e and #c4bc27, #ff7e0e and #00becf, #3d9f2f and #8c69bc, #3d9f2f and #e179c1, #3d9f2f and #7f7f7f, #da2827 and #8c69bc, #da2827 and #8e564b, #da2827 and #7f7f7f, #8c69bc and #8e564b, #8c69bc and #7f7f7f, #e179c1 and #c4bc27, #e179c1 and #00becf, #c4bc27 and #00becf)"`;

exports[`ColorLint - Fair Nominal 1`] = `"This palette is unfair (meaning that some values may unduely stand out). Note that this check is naturally at odds with color blind friendly palettes. Maximum chroma range: 80, maximum luminance range: 50."`;

exports[`ColorLint - Fair Nominal 2`] = `"This palette is unfair (meaning that some values may unduely stand out). Note that this check is naturally at odds with color blind friendly palettes. Maximum chroma range: 80, maximum luminance range: 50."`;

exports[`ColorLint - Fair Sequential 1`] = `"This palette is unfair (meaning that some values may unduely stand out). Note that this check is naturally at odds with color blind friendly palettes. Maximum chroma range: 50."`;

exports[`ColorLint - Fair Sequential 2`] = `"This palette is unfair (meaning that some values may unduely stand out). Note that this check is naturally at odds with color blind friendly palettes. Maximum chroma range: 50."`;

exports[`ColorLint - Gamut 1`] = `"A color or colors is not in the sRGB gamut (#0087a5). Please adjust the color so that it can be displayed on most devices."`;

exports[`ColorLint - Gamut 2`] = `"A color or colors is not in the sRGB gamut (). Please adjust the color so that it can be displayed on most devices."`;

exports[`ColorLint - MaxColors 1`] = `"This palette has too many colors and may be hard to discriminate in some contexts. Maximum: 10."`;

exports[`ColorLint - MaxColors 2`] = `"This palette has too many colors and may be hard to discriminate in some contexts. Maximum: 10."`;

exports[`ColorLint - MutuallyDistinct 1`] = `"Some colors in this palette () are not differentiable from each other."`;

exports[`ColorLint - MutuallyDistinct 2`] = `"Some colors in this palette (#f5f5dc and #d7fcef) are not differentiable from each other."`;

exports[`ColorLint - SequentialOrder 1`] = `"This pal should be ordered by lightness if being used as a sequential palette.  may be to blame."`;

exports[`ColorLint - SequentialOrder 2`] = `"This pal should be ordered by lightness if being used as a sequential palette. #ecddff, #bbc3ff may be to blame."`;

exports[`ColorLint - SizeDiscrim (Thin) 1`] = `"This palette has some colors () that are close to each other in perceptual space and will not be resolvable for Thin areas."`;

exports[`ColorLint - SizeDiscrim (Thin) 2`] = `"This palette has some colors (#0084a9 and #009de5) that are close to each other in perceptual space and will not be resolvable for Thin areas."`;

exports[`ColorLint - UglyColors 1`] = `"This palette has some colors (specifically ) that are close to what are known as ugly colors"`;

exports[`ColorLint - UglyColors 2`] = `"This palette has some colors (specifically #56ff22) that are close to what are known as ugly colors"`;
